Is It Just Me	Straight Trains	107
One Language	Vargo	267
Primeira Essência (Jardim Particular)	Anderson Freire	266
